// Jest Snapshot v1, https://goo.gl/fbAQLP

exports[`camelCaseToSnakeCase has the correct attributes 1`] = `
Object {
  "defaultOutput": "",
  "execute": [Function],
  "inputTypeName": "camelCase",
  "name": "camelCase to snake_case",
  "openSourceProject": Object {
    "description": "Convert a camelized string into a lowercased one with a custom separator: unicornRainbow â†’ unicorn_rainbow",
    "href": "https://github.com/sindresorhus/decamelize",
    "license": Object {
      "href": "https://choosealicense.com/licenses/mit",
      "name": "MIT",
      "slug": "mit",
    },
    "licenseText": "
MIT License

Copyright (c) Sindre Sorhus <sindresorhus@gmail.com> (sindresorhus.com)

Permission is hereby granted, free of charge, to any person obtaining a copy of this software and associated documentation files (the \\"Software\\"), to deal in the Software without restriction, including without limitation the rights to use, copy, modify, merge, publish, distribute, sublicense, and/or sell copies of the Software, and to permit persons to whom the Software is furnished to do so, subject to the following conditions:

The above copyright notice and this permission notice shall be included in all copies or substantial portions of the Software.

THE SOFTWARE IS PROVIDED \\"AS IS\\", WITHOUT WARRANTY OF ANY KIND, EXPRESS OR IMPLIED, INCLUDING BUT NOT LIMITED TO THE WARRANTIES OF MERCHANTABILITY, FITNESS FOR A PARTICULAR PURPOSE AND NONINFRINGEMENT. IN NO EVENT SHALL THE AUTHORS OR COPYRIGHT HOLDERS BE LIABLE FOR ANY CLAIM, DAMAGES OR OTHER LIABILITY, WHETHER IN AN ACTION OF CONTRACT, TORT OR OTHERWISE, ARISING FROM, OUT OF OR IN CONNECTION WITH THE SOFTWARE OR THE USE OR OTHER DEALINGS IN THE SOFTWARE.
",
    "name": "decamelize",
    "repositoryHref": "https://github.com/sindresorhus/decamelize",
    "slug": "decamelize",
  },
  "outputTypeName": "snake_case",
  "slug": "camel-to-snake",
}
`;
