// Jest Snapshot v1, https://goo.gl/fbAQLP

exports[`Content renders correctly 1`] = `
<main
  className="makeStyles-main-1"
>
  <Styled(MuiBox)
    height="100%"
    maxWidth={1200}
    mx="auto"
    p={3}
    width="100%"
  >
    stuff
  </Styled(MuiBox)>
</main>
`;
