// Jest Snapshot v1, https://goo.gl/fbAQLP

exports[`routes routes has the correct routes 1`] = `
Object {
  "home": Object {
    "exact": true,
    "linkPath": "/",
    "path": "/",
  },
}
`;
